I'm sorry, but errors were detected in your script. Please correct the
errors listed below, and try again.


File "game/screens.rpy", line 304: Indentation mismatch.

Ren'Py Version: Ren'Py 8.3.0.24082114
Thu Nov  7 10:11:13 2024
